2026-01-25 16:49:58,845 WARNING: Unauthorized access attempt by user 2 to reports [in D:\Programs\Predprof\app.py:53]
2026-01-25 21:30:15,485 WARNING: Unauthorized access attempt by user 3 to reports [in D:\Programs\Predprof\app.py:53]
2026-01-25 21:30:17,077 WARNING: Unauthorized access attempt by user 3 to admin_dashboard [in D:\Programs\Predprof\app.py:53]
2026-02-06 19:31:14,300 INFO: Найдено 3 ингредиентов для блюда Бутерброды с колбасой [in C:\Users\vovac\PycharmProjects\project_zombi_41psi_3d\app.py:1081]
2026-02-06 19:31:19,860 INFO: Найдено 4 ингредиентов для блюда Каша манная [in C:\Users\vovac\PycharmProjects\project_zombi_41psi_3d\app.py:1081]
2026-02-06 19:31:21,802 INFO: Найдено 5 ингредиентов для блюда Макароны по-флотски [in C:\Users\vovac\PycharmProjects\project_zombi_41psi_3d\app.py:1081]
2026-02-06 19:31:24,109 INFO: Найдено 2 ингредиентов для блюда Чай с сахаром [in C:\Users\vovac\PycharmProjects\project_zombi_41psi_3d\app.py:1081]
2026-02-06 19:31:41,142 INFO: Найдено 2 ингредиентов для блюда Компот из сухофруктов [in C:\Users\vovac\PycharmProjects\project_zombi_41psi_3d\app.py:1081]
2026-02-06 19:32:11,397 INFO: Найдено 2 ингредиентов для блюда Компот из сухофруктов [in C:\Users\vovac\PycharmProjects\project_zombi_41psi_3d\app.py:1081]
2026-02-06 19:32:11,812 INFO: Найдено 2 ингредиентов для блюда Компот из сухофруктов [in C:\Users\vovac\PycharmProjects\project_zombi_41psi_3d\app.py:1081]
2026-02-06 19:32:15,100 INFO: Найдено 2 ингредиентов для блюда Компот из сухофруктов [in C:\Users\vovac\PycharmProjects\project_zombi_41psi_3d\app.py:1081]
2026-02-06 19:32:17,665 INFO: Найдено 2 ингредиентов для блюда Компот из сухофруктов [in C:\Users\vovac\PycharmProjects\project_zombi_41psi_3d\app.py:1081]
2026-02-06 19:32:18,551 INFO: Найдено 2 ингредиентов для блюда Компот из сухофруктов [in C:\Users\vovac\PycharmProjects\project_zombi_41psi_3d\app.py:1081]
2026-02-06 19:32:22,358 INFO: Найдено 2 ингредиентов для блюда Компот из сухофруктов [in C:\Users\vovac\PycharmProjects\project_zombi_41psi_3d\app.py:1081]
2026-02-08 20:51:47,515 INFO: Найдено 5 ингредиентов для блюда Котлета с картофельным пюре [in C:\Users\qqq\Documents\GitHub\project_zombi_chipsi_3d\app.py:1320]
2026-02-08 20:51:49,308 INFO: Найдено 5 ингредиентов для блюда Котлета с картофельным пюре [in C:\Users\qqq\Documents\GitHub\project_zombi_chipsi_3d\app.py:1320]
2026-02-08 20:51:49,700 INFO: Найдено 5 ингредиентов для блюда Котлета с картофельным пюре [in C:\Users\qqq\Documents\GitHub\project_zombi_chipsi_3d\app.py:1320]
2026-02-09 01:26:05,412 INFO: Найдено 0 ингредиентов для блюда Каша манная [in C:\Users\vovac\PycharmProjects\pythonProject4\app.py:1074]
2026-02-09 01:26:07,577 INFO: Найдено 0 ингредиентов для блюда Суп куриный с лапшой [in C:\Users\vovac\PycharmProjects\pythonProject4\app.py:1074]
2026-02-09 01:26:09,118 INFO: Найдено 0 ингредиентов для блюда Котлета с картофельным пюре [in C:\Users\vovac\PycharmProjects\pythonProject4\app.py:1074]
2026-02-09 01:26:55,125 WARNING: Unauthorized access attempt by user 2 to order [in C:\Users\vovac\PycharmProjects\pythonProject4\app.py:50]
2026-02-09 01:27:07,822 INFO: Найдено 0 ингредиентов для блюда Омлет с сыром [in C:\Users\vovac\PycharmProjects\pythonProject4\app.py:1074]
2026-02-09 01:34:27,085 INFO: Найдено 4 ингредиентов для блюда Омлет с сыром [in C:\Users\vovac\PycharmProjects\pythonProject4\app.py:1074]
2026-02-09 01:53:38,438 INFO: Найдено 5 ингредиентов для блюда Суп куриный с лапшой [in C:\Users\vovac\PycharmProjects\pythonProject4\app.py:1169]
2026-02-09 02:28:14,124 INFO: Найдено 3 ингредиентов для блюда Бутерброды с колбасой [in C:\Users\vovac\PycharmProjects\pythonProject4\app.py:1169]
2026-02-09 02:28:18,930 INFO: Найдено 3 ингредиентов для блюда Бутерброды с колбасой [in C:\Users\vovac\PycharmProjects\pythonProject4\app.py:1169]
2026-02-09 02:29:38,782 INFO: Найдено 5 ингредиентов для блюда Макароны по-флотски [in C:\Users\vovac\PycharmProjects\pythonProject4\app.py:1169]
2026-02-09 02:29:40,832 INFO: Найдено 5 ингредиентов для блюда Макароны по-флотски [in C:\Users\vovac\PycharmProjects\pythonProject4\app.py:1169]
